[debug] [2026-02-16T09:36:15.578Z] ----------------------------------------------------------------------
[debug] [2026-02-16T09:36:15.591Z] Command:       C:\Program Files\nodejs\node.exe C:\Users\TC0072\AppData\Roaming\npm\node_modules\firebase-tools\lib\bin\firebase.js init
[debug] [2026-02-16T09:36:15.592Z] CLI Version:   15.6.0
[debug] [2026-02-16T09:36:15.593Z] Platform:      win32
[debug] [2026-02-16T09:36:15.593Z] Node Version:  v24.13.0
[debug] [2026-02-16T09:36:15.593Z] Time:          Mon Feb 16 2026 15:06:15 GMT+0530 (India Standard Time)
[debug] [2026-02-16T09:36:15.594Z] ----------------------------------------------------------------------
[debug] 
[info] 
     ######## #### ########  ######## ########     ###     ######  ########
     ##        ##  ##     ## ##       ##     ##  ##   ##  ##       ##
     ######    ##  ########  ######   ########  #########  ######  ######
     ##        ##  ##    ##  ##       ##     ## ##     ##       ## ##
     ##       #### ##     ## ######## ########  ##     ##  ######  ########

You're about to initialize a Firebase project in this directory:

  C:\Users\TC0072\Downloads\Registration

[debug] [2026-02-16T09:48:43.500Z] ExitPromptError: User force closed the prompt with SIGINT
    at Interface.sigint (C:\Users\TC0072\AppData\Roaming\npm\node_modules\firebase-tools\node_modules\@inquirer\core\dist\commonjs\lib\create-prompt.js:101:37)
    at Interface.emit (node:events:508:28)
    at [_ttyWrite] [as _ttyWrite] (node:internal/readline/interface:1327:18)
    at ReadStream.onkeypress (node:internal/readline/interface:284:20)
    at ReadStream.emit (node:events:520:35)
    at emitKeys (node:internal/readline/utils:371:14)
    at emitKeys.next (<anonymous>)
    at ReadStream.onData (node:internal/readline/emitKeypressEvents:64:36)
    at ReadStream.emit (node:events:508:28)
    at addChunk (node:internal/streams/readable:559:12)
[error] 
[error] Error: An unexpected error has occurred.
